<p><abbr title="PHP&gt;=5.4">Traits</abbr></p>

<p><abbr title="PHP&gt;=5.4">Traits</abbr></p>

<p><abbr>Traits</abbr></p>