<div class="amazon clear"><div class="img-border"><div class="img" style="background-image: url(http://images.amazon.com/images/P/sin=020163361.01._SCMZZZZZZZ_V65020934_.jpg);"></div></div><p class="title"><strong></strong></p><p class="author"></p></div>
