<p>[][bogus]</p>

<p>[<a href="http://example.org" title="Open &quot;http://example.org&quot;">link</a></p>
