<p>Nested in wrong way: <em>wrong closing element</strong></p>