<p>Test[1] Toast[2]</p>
<p>This is not about love.</p>
<ol>
<li><p>Hello world![3]</p>

<p>How are things?</p>
</li>
<li>Tasty!</li>
<li>foo</li>
</ol>