<p>a</p>
<div>Dies ist ein Test [b][/b]

foo bar &amp;</div>

<p>b</p>
