<div style="margin-left: 30px;"><p>foo</p>

<p>bar</p>
<div style="margin-left: 30px;"><h3>baz &amp; boz</h3>

</div>

</div>

<div style="text-align: center;">* * *</div>

<p>Foo</p>
