<p>Other text.</p>
<blockquote>
<p>This is a test</p>
</blockquote>

<p>Other text.</p>
<blockquote>
<p>This is another test.</p>

<p>With two paragraphs.</p>
</blockquote>

<p>Other text.</p>
<p>Foo &amp; Bar:</p>

<blockquote>
<p>This is.</p>

<p>A Test.</p>
</blockquote>

<p>Other text.</p>
